---
source: crates/cli/tests/cli_comprehensive_e2e_tests.rs
expression: stdout
---
List all connected devices

Usage: wheelctl device list [OPTIONS]

Options:
  -d, --detailed             Show detailed device information
      --json                 Output in JSON format for machine parsing
      --json-out <JSON_OUT>  Write the device list receipt to this JSON file
  -v, --verbose...           Verbose logging
  -h, --help                 Print help
