---
source: crates/cli/tests/cli_comprehensive_e2e_tests.rs
expression: stdout
---
Record blackbox data

Usage: wheelctl diag record [OPTIONS] <DEVICE>

Arguments:
  <DEVICE>  Device ID or name

Options:
  -d, --duration <DURATION>  Recording duration in seconds [default: 120]
      --json                 Output in JSON format for machine parsing
  -o, --output <OUTPUT>      Output file path
  -v, --verbose...           Verbose logging
      --no-mock              Fail if wheeld is unreachable instead of showing simulated data [env: WHEELCTL_NO_MOCK=1]
      --endpoint <ENDPOINT>  Service endpoint (for testing) [env: WHEELCTL_ENDPOINT=]
  -h, --help                 Print help
