---
source: crates/telemetry-adapters/src/acc.rs
assertion_line: 1115
expression: normalized
---
speed_ms: 50
steering_angle: 0
throttle: 0
brake: 0
clutch: 0
rpm: 0
max_rpm: 0
gear: 5
num_gears: 0
lateral_g: 0
longitudinal_g: 0
vertical_g: 0
slip_ratio: 0
slip_angle_fl: 0
slip_angle_fr: 0
slip_angle_rl: 0
slip_angle_rr: 0
tire_temps_c:
  - 0
  - 0
  - 0
  - 0
tire_pressures_psi:
  - 0
  - 0
  - 0
  - 0
ffb_scalar: 0
ffb_torque_nm: 0
flags:
  yellow_flag: false
  red_flag: false
  blue_flag: false
  checkered_flag: false
  green_flag: true
  pit_limiter: false
  in_pits: false
  drs_available: false
  drs_active: false
  ers_available: false
  ers_active: false
  launch_control: false
  traction_control: false
  abs_active: false
  engine_limiter: false
  safety_car: false
  formation_lap: false
  session_paused: false
car_id: car_7
track_id: monza
position: 2
lap: 12
current_lap_time_s: 45
best_lap_time_s: 91
last_lap_time_s: 92
delta_ahead_s: 0
delta_behind_s: 0
fuel_percent: 0
engine_temp_c: 0
extended:
  ambient_temp_c:
    type: Integer
    value: 24
  best_session_lap_s:
    type: Float
    value: 91
  cup_position:
    type: Integer
    value: 2
  delta_ms:
    type: Integer
    value: -120
  rain_level:
    type: Float
    value: 0.1
  session_phase:
    type: Integer
    value: 4
  session_time_ms:
    type: Float
    value: 12345
  session_type:
    type: Integer
    value: 3
  spline_position:
    type: Float
    value: 0.5
  track_position:
    type: Integer
    value: 2
  track_temp_c:
    type: Integer
    value: 31
  wetness:
    type: Float
    value: 0.3
sequence: 0
